
> lootmine@0.1.0 build
> vue-tsc && vite build

src/components/InventoryModal.vue(2,32): error TS6133: 'nextTick' is declared but its value is never read.
src/components/InventoryModal.vue(13,22): error TS6133: 'Square' is declared but its value is never read.
src/components/MarketModal.vue(2,43): error TS6133: 'nextTick' is declared but its value is never read.
src/components/MissionsPanel.vue(32,10): error TS6133: 'categoryColor' is declared but its value is never read.
src/components/RigStatsModal.vue(45,7): error TS6133: 't' is declared but its value is never read.
src/layouts/MainLayout.vue(14,1): error TS6133: 'useToastStore' is declared but its value is never read.
src/layouts/MainLayout.vue(17,27): error TS6133: 'ShoppingCart' is declared but its value is never read.
src/layouts/MainLayout.vue(17,65): error TS6133: 'Package' is declared but its value is never read.
src/layouts/MainLayout.vue(34,10): error TS6133: 'openMarket' is declared but its value is never read.
src/layouts/MainLayout.vue(40,10): error TS6133: 'openInventory' is declared but its value is never read.
src/layouts/MainLayout.vue(54,1): error TS6133: 'NavBar' is declared but its value is never read.
src/layouts/MainLayout.vue(79,7): error TS6133: 'showNavBar' is declared but its value is never read.
src/pages/MiningPageV2.vue(18,39): error TS6133: 'Search' is declared but its value is never read.
src/pages/MiningPageV2.vue(121,10): error TS6133: 'selectMenu' is declared but its value is never read.
src/pages/MiningPageV2.vue(229,10): error TS6133: 'selectMenuWithLoad' is declared but its value is never read.
src/pages/MiningPageV2.vue(277,7): error TS6133: 'researchPoints' is declared but its value is never read.
src/pages/MiningPageV2.vue(278,7): error TS6133: 'unlockedNodes' is declared but its value is never read.
src/pages/MiningPageV2.vue(321,7): error TS6133: 'energyPct' is declared but its value is never read.
src/pages/MiningPageV2.vue(336,7): error TS6133: 'effectiveHashrate' is declared but its value is never read.
src/pages/MiningPageV2.vue(405,7): error TS6133: 'masteryBranches' is declared but its value is never read.
src/pages/MiningPageV2.vue(450,7): error TS6133: 'forgeTier' is declared but its value is never read.
src/pages/MiningPageV2.vue(675,7): error TS6133: 'unlockedCount' is declared but its value is never read.
src/pages/MiningPageV2.vue(929,38): error TS2339: Property 'fetchRigs' does not exist on type 'Store<"mining", Pick<{ rigs: Ref<{ id: string; is_active: boolean; condition: number; temperature: number; activated_at: string | null; max_condition?: number | undefined; times_repaired?: number | undefined; ... 8 more ...; rig: { ...; }; }[], PlayerRig[] | { ...; }[]>; ... 49 more ...; loadRecentBlocks: () => Prom...'.
src/pages/MiningPageV2.vue(944,40): error TS2339: Property 'fetchRigs' does not exist on type 'Store<"mining", Pick<{ rigs: Ref<{ id: string; is_active: boolean; condition: number; temperature: number; activated_at: string | null; max_condition?: number | undefined; times_repaired?: number | undefined; ... 8 more ...; rig: { ...; }; }[], PlayerRig[] | { ...; }[]>; ... 49 more ...; loadRecentBlocks: () => Prom...'.
src/pages/MiningPageV2.vue(1067,10): error TS6133: 'selectForForge' is declared but its value is never read.
src/pages/MiningPageV2.vue(1111,10): error TS6133: 'getNodeAbilities' is declared but its value is never read.
src/pages/MiningPageV2.vue(1111,27): error TS6133: 'rig' is declared but its value is never read.
src/pages/MiningPageV2.vue(1312,7): error TS6133: 'stakeStatus' is declared but its value is never read.
src/pages/RulesPage.vue(3,34): error TS6133: 'Swords' is declared but its value is never read.
src/pages/TermsPage.vue(3,32): error TS6133: 'AlertTriangle' is declared but its value is never read.
